[    0.000000] Linux version 5.0.5.1915940+ (vinh@vinh) (gcc version 7.5.0 (Ubuntu 7.5.0-3ubuntu1~18.04)) #2 SMP Thu Apr 29 06:56:28 UTC 2021
[    0.000000] Command line: BOOT_IMAGE=/vmlinuz-5.0.5.1915940+ root=/dev/mapper/ubuntu--vg-ubuntu--lv ro maybe-ubiquity
[    0.000000] KERNEL supported cpus:
[    0.000000]   Intel GenuineIntel
[    0.000000]   AMD AuthenticAMD
[    0.000000]   Centaur CentaurHauls
[    0.000000] x86/fpu: Supporting XSAVE feature 0x001: 'x87 floating point registers'
[    0.000000] x86/fpu: Supporting XSAVE feature 0x002: 'SSE registers'
[    0.000000] x86/fpu: Supporting XSAVE feature 0x004: 'AVX registers'
[    0.000000] x86/fpu: xstate_offset[2]:  576, xstate_sizes[2]:  256
[    0.000000] x86/fpu: Enabled xstate features 0x7, context size is 832 bytes, using 'standard' format.
[    0.000000] BIOS-provided physical RAM map:
[    0.000000] BIOS-e820: [mem 0x0000000000000000-0x000000000009fbff] usable
[    0.000000] BIOS-e820: [mem 0x000000000009fc00-0x000000000009ffff] reserved
[    0.000000] BIOS-e820: [mem 0x00000000000f0000-0x00000000000fffff] reserved
[    0.000000] BIOS-e820: [mem 0x0000000000100000-0x00000000dffeffff] usable
[    0.000000] BIOS-e820: [mem 0x00000000dfff0000-0x00000000dfffffff] ACPI data
[    0.000000] BIOS-e820: [mem 0x00000000fec00000-0x00000000fec00fff] reserved
[    0.000000] BIOS-e820: [mem 0x00000000fee00000-0x00000000fee00fff] reserved
[    0.000000] BIOS-e820: [mem 0x00000000fffc0000-0x00000000ffffffff] reserved
[    0.000000] BIOS-e820: [mem 0x0000000100000000-0x000000011fffffff] usable
[    0.000000] NX (Execute Disable) protection: active
[    0.000000] SMBIOS 2.5 present.
[    0.000000] DMI: innotek GmbH VirtualBox/VirtualBox, BIOS VirtualBox 12/01/2006
[    0.000000] Hypervisor detected: KVM
[    0.000000] kvm-clock: Using msrs 4b564d01 and 4b564d00
[    0.000000] kvm-clock: cpu 0, msr 49601001, primary cpu clock
[    0.000000] kvm-clock: using sched offset of 14060013975997 cycles
[    0.000003] clocksource: kvm-clock: mask: 0xffffffffffffffff max_cycles: 0x1cd42e4dffb, max_idle_ns: 881590591483 ns
[    0.000006] tsc: Detected 2712.002 MHz processor
[    0.003958] e820: update [mem 0x00000000-0x00000fff] usable ==> reserved
[    0.003961] e820: remove [mem 0x000a0000-0x000fffff] usable
[    0.003967] last_pfn = 0x120000 max_arch_pfn = 0x400000000
[    0.003980] MTRR default type: uncachable
[    0.003981] MTRR variable ranges disabled:
[    0.003984] Disabled
[    0.003985] x86/PAT: MTRRs disabled, skipping PAT initialization too.
[    0.003988] CPU MTRRs all blank - virtualized system.
[    0.003991] x86/PAT: Configuration [0-7]: WB  WT  UC- UC  WB  WT  UC- UC  
[    0.003995] last_pfn = 0xdfff0 max_arch_pfn = 0x400000000
[    0.122175] check: Scanning 1 areas for low memory corruption
[    0.122180] Base memory trampoline at [(____ptrval____)] 99000 size 24576
[    0.122207] BRK [0x49801000, 0x49801fff] PGTABLE
[    0.122210] BRK [0x49802000, 0x49802fff] PGTABLE
[    0.122211] BRK [0x49803000, 0x49803fff] PGTABLE
[    0.122252] BRK [0x49804000, 0x49804fff] PGTABLE
[    0.122254] BRK [0x49805000, 0x49805fff] PGTABLE
[    0.122544] RAMDISK: [mem 0x30707000-0x3437afff]
[    0.122557] ACPI: Early table checksum verification disabled
[    0.122574] ACPI: RSDP 0x00000000000E0000 000024 (v02 VBOX  )
[    0.122578] ACPI: XSDT 0x00000000DFFF0030 00003C (v01 VBOX   VBOXXSDT 00000001 ASL  00000061)
[    0.122584] ACPI: FACP 0x00000000DFFF00F0 0000F4 (v04 VBOX   VBOXFACP 00000001 ASL  00000061)
[    0.122590] ACPI: DSDT 0x00000000DFFF0470 0022EA (v02 VBOX   VBOXBIOS 00000002 INTL 20100528)
[    0.122594] ACPI: FACS 0x00000000DFFF0200 000040
[    0.122597] ACPI: FACS 0x00000000DFFF0200 000040
[    0.122600] ACPI: APIC 0x00000000DFFF0240 00005C (v02 VBOX   VBOXAPIC 00000001 ASL  00000061)
[    0.122604] ACPI: SSDT 0x00000000DFFF02A0 0001CC (v01 VBOX   VBOXCPUT 00000002 INTL 20100528)
[    0.122613] ACPI: Local APIC address 0xfee00000
[    0.122870] No NUMA configuration found
[    0.122871] Faking a node at [mem 0x0000000000000000-0x000000011fffffff]
[    0.122879] NODE_DATA(0) allocated [mem 0x11ffd1000-0x11fffbfff]
[    0.123155] Zone ranges:
[    0.123156]   DMA      [mem 0x0000000000001000-0x0000000000ffffff]
[    0.123158]   DMA32    [mem 0x0000000001000000-0x00000000ffffffff]
[    0.123160]   Normal   [mem 0x0000000100000000-0x000000011fffffff]
[    0.123161]   Device   empty
[    0.123163] Movable zone start for each node
[    0.123166] Early memory node ranges
[    0.123167]   node   0: [mem 0x0000000000001000-0x000000000009efff]
[    0.123168]   node   0: [mem 0x0000000000100000-0x00000000dffeffff]
[    0.123170]   node   0: [mem 0x0000000100000000-0x000000011fffffff]
[    0.123179] Zeroed struct page in unavailable ranges: 114 pages
[    0.123180] Initmem setup node 0 [mem 0x0000000000001000-0x000000011fffffff]
[    0.123182] On node 0 totalpages: 1048462
[    0.123183]   DMA zone: 64 pages used for memmap
[    0.123184]   DMA zone: 21 pages reserved
[    0.123185]   DMA zone: 3998 pages, LIFO batch:0
[    0.123282]   DMA32 zone: 14272 pages used for memmap
[    0.123283]   DMA32 zone: 913392 pages, LIFO batch:63
[    0.145638]   Normal zone: 2048 pages used for memmap
[    0.145639]   Normal zone: 131072 pages, LIFO batch:31
[    0.149196] ACPI: PM-Timer IO Port: 0x4008
[    0.149199] ACPI: Local APIC address 0xfee00000
[    0.149265] IOAPIC[0]: apic_id 2, version 32, address 0xfec00000, GSI 0-23
[    0.149268] ACPI: INT_SRC_OVR (bus 0 bus_irq 0 global_irq 2 dfl dfl)
[    0.149270] ACPI: INT_SRC_OVR (bus 0 bus_irq 9 global_irq 9 low level)
[    0.149272] ACPI: IRQ0 used by override.
[    0.149273] ACPI: IRQ9 used by override.
[    0.149275] Using ACPI (MADT) for SMP configuration information
[    0.149282] smpboot: Allowing 2 CPUs, 0 hotplug CPUs
[    0.149301] PM: Registered nosave memory: [mem 0x00000000-0x00000fff]
[    0.149303] PM: Registered nosave memory: [mem 0x0009f000-0x0009ffff]
[    0.149304] PM: Registered nosave memory: [mem 0x000a0000-0x000effff]
[    0.149305] PM: Registered nosave memory: [mem 0x000f0000-0x000fffff]
[    0.149307] PM: Registered nosave memory: [mem 0xdfff0000-0xdfffffff]
[    0.149308] PM: Registered nosave memory: [mem 0xe0000000-0xfebfffff]
[    0.149309] PM: Registered nosave memory: [mem 0xfec00000-0xfec00fff]
[    0.149310] PM: Registered nosave memory: [mem 0xfec01000-0xfedfffff]
[    0.149311] PM: Registered nosave memory: [mem 0xfee00000-0xfee00fff]
[    0.149312] PM: Registered nosave memory: [mem 0xfee01000-0xfffbffff]
[    0.149313] PM: Registered nosave memory: [mem 0xfffc0000-0xffffffff]
[    0.149315] [mem 0xe0000000-0xfebfffff] available for PCI devices
[    0.149317] Booting paravirtualized kernel on KVM
[    0.149320] clocksource: refined-jiffies: mask: 0xffffffff max_cycles: 0xffffffff, max_idle_ns: 7645519600211568 ns
[    0.149327] setup_percpu: NR_CPUS:8192 nr_cpumask_bits:2 nr_cpu_ids:2 nr_node_ids:1
[    0.149461] percpu: Embedded 46 pages/cpu @(____ptrval____) s151552 r8192 d28672 u1048576
[    0.149466] pcpu-alloc: s151552 r8192 d28672 u1048576 alloc=1*2097152
[    0.149467] pcpu-alloc: [0] 0 1 
[    0.149490] PV qspinlock hash table entries: 256 (order: 0, 4096 bytes)
[    0.149495] Built 1 zonelists, mobility grouping on.  Total pages: 1032057
[    0.149496] Policy zone: Normal
[    0.149498] Kernel command line: BOOT_IMAGE=/vmlinuz-5.0.5.1915940+ root=/dev/mapper/ubuntu--vg-ubuntu--lv ro maybe-ubiquity
[    0.154027] Calgary: detecting Calgary via BIOS EBDA area
[    0.154030] Calgary: Unable to locate Rio Grande table in EBDA - bailing!
[    0.166366] Memory: 3970856K/4193848K available (12291K kernel code, 2191K rwdata, 4092K rodata, 2432K init, 5496K bss, 222992K reserved, 0K cma-reserved)
[    0.166493] SLUB: HWalign=64, Order=0-3, MinObjects=0, CPUs=2, Nodes=1
[    0.166504] Kernel/User page tables isolation: enabled
[    0.166521] ftrace: allocating 39707 entries in 156 pages
[    0.195970] rcu: Hierarchical RCU implementation.
[    0.195972] rcu: 	RCU restricting CPUs from NR_CPUS=8192 to nr_cpu_ids=2.
[    0.195974] rcu: RCU calculated value of scheduler-enlistment delay is 25 jiffies.
[    0.195975] rcu: Adjusting geometry for rcu_fanout_leaf=16, nr_cpu_ids=2
[    0.199764] NR_IRQS: 524544, nr_irqs: 440, preallocated irqs: 16
[    0.214250] Console: colour VGA+ 80x25
[    0.252513] printk: console [tty0] enabled
[    0.252860] ACPI: Core revision 20181213
[    0.253654] APIC: Switch to symmetric I/O mode setup
[    0.254409] x2apic enabled
[    0.255005] Switched APIC routing to physical x2apic.
[    0.256946] ..TIMER: vector=0x30 apic1=0 pin1=2 apic2=-1 pin2=-1
[    0.257369] clocksource: tsc-early: mask: 0xffffffffffffffff max_cycles: 0x2717880cafa, max_idle_ns: 440795252614 ns
[    0.258104] Calibrating delay loop (skipped) preset value.. 5424.00 BogoMIPS (lpj=10848008)
[    0.258705] pid_max: default: 32768 minimum: 301
[    0.259081] LSM: Security Framework initializing
[    0.259414] Yama: becoming mindful.
[    0.259703] SELinux:  Disabled at boot.
[    0.260003] AppArmor: AppArmor disabled by boot time parameter
[    0.260973] Dentry cache hash table entries: 524288 (order: 10, 4194304 bytes)
[    0.261809] Inode-cache hash table entries: 262144 (order: 9, 2097152 bytes)
[    0.262092] Mount-cache hash table entries: 8192 (order: 4, 65536 bytes)
[    0.262092] Mountpoint-cache hash table entries: 8192 (order: 4, 65536 bytes)
[    0.262188] mce: CPU supports 0 MCE banks
[    0.262529] Last level iTLB entries: 4KB 64, 2MB 8, 4MB 8
[    0.262904] Last level dTLB entries: 4KB 64, 2MB 0, 4MB 0, 1GB 4
[    0.263334] Spectre V2 : Mitigation: Full generic retpoline
[    0.263952] Spectre V2 : Spectre v2 / SpectreRSB mitigation: Filling RSB on context switch
[    0.264654] Speculative Store Bypass: Vulnerable
[    0.265156] Freeing SMP alternatives memory: 36K
[    0.270092] smpboot: CPU0: Intel(R) Core(TM) i5-7200U CPU @ 2.50GHz (family: 0x6, model: 0x8e, stepping: 0x9)
[    0.270092] Performance Events: unsupported p6 CPU model 142 no PMU driver, software events only.
[    0.270092] rcu: Hierarchical SRCU implementation.
[    0.270092] NMI watchdog: Perf NMI watchdog permanently disabled
[    0.270092] smp: Bringing up secondary CPUs ...
[    0.270092] x86: Booting SMP configuration:
[    0.270092] .... node  #0, CPUs:      #1
[    0.058053] kvm-clock: cpu 1, msr 49601041, secondary cpu clock
[    0.058053] mce: CPU supports 0 MCE banks
[    0.272247] smp: Brought up 1 node, 2 CPUs
[    0.272247] smpboot: Max logical packages: 1
[    0.274100] smpboot: Total of 2 processors activated (10848.00 BogoMIPS)
[    0.274726] devtmpfs: initialized
[    0.274726] x86/mm: Memory block size: 128MB
[    0.275159] clocksource: jiffies: mask: 0xffffffff max_cycles: 0xffffffff, max_idle_ns: 7645041785100000 ns
[    0.275159] futex hash table entries: 512 (order: 3, 32768 bytes)
[    0.275261] pinctrl core: initialized pinctrl subsystem
[    0.278117] RTC time: 09:43:39, date: 2021-05-09
[    0.278634] NET: Registered protocol family 16
[    0.279045] audit: initializing netlink subsys (disabled)
[    0.279430] audit: type=2000 audit(1620567480.872:1): state=initialized audit_enabled=0 res=1
[    0.279430] cpuidle: using governor ladder
[    0.279430] cpuidle: using governor menu
[    0.279430] random: get_random_bytes called from kcmp_cookies_init+0x1a/0x3d with crng_init=0
[    0.279430] ACPI: bus type PCI registered
[    0.279706] acpiphp: ACPI Hot Plug PCI Controller Driver version: 0.5
[    0.282112] PCI: Using configuration type 1 for base access
[    0.283683] HugeTLB registered 2.00 MiB page size, pre-allocated 0 pages
[    0.283683] ACPI: Added _OSI(Module Device)
[    0.283683] ACPI: Added _OSI(Processor Device)
[    0.286095] ACPI: Added _OSI(3.0 _SCP Extensions)
[    0.286432] ACPI: Added _OSI(Processor Aggregator Device)
[    0.286800] ACPI: Added _OSI(Linux-Dell-Video)
[    0.287124] ACPI: Added _OSI(Linux-Lenovo-NV-HDMI-Audio)
[    0.287484] ACPI: Added _OSI(Linux-HPI-Hybrid-Graphics)
[    0.291021] ACPI: 2 ACPI AML tables successfully acquired and loaded
[    0.293614] ACPI: Interpreter enabled
[    0.294126] ACPI: (supports S0 S5)
[    0.294491] ACPI: Using IOAPIC for interrupt routing
[    0.295154] PCI: Using host bridge windows from ACPI; if necessary, use "pci=nocrs" and report a bug
[    0.295925] ACPI: Enabled 2 GPEs in block 00 to 07
[    0.302612] ACPI: PCI Root Bridge [PCI0] (domain 0000 [bus 00-ff])
[    0.303018] acpi PNP0A03:00: _OSC: OS supports [ASPM ClockPM Segments MSI]
[    0.304129] acpi PNP0A03:00: _OSC: not requesting OS control; OS requires [ExtendedConfig ASPM ClockPM MSI]
[    0.304836] acpi PNP0A03:00: fail to add MMCONFIG information, can't access extended PCI configuration space under this bridge.
[    0.306674] PCI host bridge to bus 0000:00
[    0.307097] pci_bus 0000:00: root bus resource [io  0x0000-0x0cf7 window]
[    0.307524] pci_bus 0000:00: root bus resource [io  0x0d00-0xffff window]
[    0.307975] pci_bus 0000:00: root bus resource [mem 0x000a0000-0x000bffff window]
[    0.308550] pci_bus 0000:00: root bus resource [mem 0xe0000000-0xfdffffff window]
[    0.309092] pci_bus 0000:00: root bus resource [bus 00-ff]
[    0.310143] pci 0000:00:00.0: [8086:1237] type 00 class 0x060000
[    0.310881] pci 0000:00:01.0: [8086:7000] type 00 class 0x060100
[    0.311741] pci 0000:00:01.1: [8086:7111] type 00 class 0x01018a
[    0.312228] pci 0000:00:01.1: reg 0x20: [io  0xd000-0xd00f]
[    0.312423] pci 0000:00:01.1: legacy IDE quirk: reg 0x10: [io  0x01f0-0x01f7]
[    0.312881] pci 0000:00:01.1: legacy IDE quirk: reg 0x14: [io  0x03f6]
[    0.313292] pci 0000:00:01.1: legacy IDE quirk: reg 0x18: [io  0x0170-0x0177]
[    0.314096] pci 0000:00:01.1: legacy IDE quirk: reg 0x1c: [io  0x0376]
[    0.314978] pci 0000:00:02.0: [15ad:0405] type 00 class 0x030000
[    0.318408] pci 0000:00:02.0: reg 0x10: [io  0xd010-0xd01f]
[    0.321448] pci 0000:00:02.0: reg 0x14: [mem 0xf0000000-0xf0ffffff]
[    0.322422] pci 0000:00:02.0: reg 0x18: [mem 0xf1000000-0xf11fffff]
[    0.338528] pci 0000:00:03.0: [8086:100e] type 00 class 0x020000
[    0.341944] pci 0000:00:03.0: reg 0x10: [mem 0xf1200000-0xf121ffff]
[    0.346190] pci 0000:00:03.0: reg 0x18: [io  0xd020-0xd027]
[    0.358802] pci 0000:00:04.0: [80ee:cafe] type 00 class 0x088000
[    0.362204] pci 0000:00:04.0: reg 0x10: [io  0xd040-0xd05f]
[    0.364980] pci 0000:00:04.0: reg 0x14: [mem 0xf1400000-0xf17fffff]
[    0.366197] pci 0000:00:04.0: reg 0x18: [mem 0xf1800000-0xf1803fff pref]
[    0.378547] pci 0000:00:05.0: [8086:2415] type 00 class 0x040100
[    0.378726] pci 0000:00:05.0: reg 0x10: [io  0xd100-0xd1ff]
[    0.378823] pci 0000:00:05.0: reg 0x14: [io  0xd200-0xd23f]
[    0.382094] pci 0000:00:06.0: [106b:003f] type 00 class 0x0c0310
[    0.384909] pci 0000:00:06.0: reg 0x10: [mem 0xf1804000-0xf1804fff]
[    0.398626] pci 0000:00:07.0: [8086:7113] type 00 class 0x068000
[    0.399093] pci 0000:00:07.0: quirk: [io  0x4000-0x403f] claimed by PIIX4 ACPI
[    0.399655] pci 0000:00:07.0: quirk: [io  0x4100-0x410f] claimed by PIIX4 SMB
[    0.402473] pci 0000:00:0d.0: [8086:2829] type 00 class 0x010601
[    0.405264] pci 0000:00:0d.0: reg 0x10: [io  0xd240-0xd247]
[    0.406193] pci 0000:00:0d.0: reg 0x14: [io  0xd248-0xd24b]
[    0.408886] pci 0000:00:0d.0: reg 0x18: [io  0xd250-0xd257]
[    0.410189] pci 0000:00:0d.0: reg 0x1c: [io  0xd258-0xd25b]
[    0.414192] pci 0000:00:0d.0: reg 0x20: [io  0xd260-0xd26f]
[    0.416924] pci 0000:00:0d.0: reg 0x24: [mem 0xf1806000-0xf1807fff]
[    0.424185] ACPI: PCI Interrupt Link [LNKA] (IRQs 5 9 10 *11)
[    0.426187] ACPI: PCI Interrupt Link [LNKB] (IRQs 5 9 *10 11)
[    0.426715] ACPI: PCI Interrupt Link [LNKC] (IRQs 5 *9 10 11)
[    0.427232] ACPI: PCI Interrupt Link [LNKD] (IRQs 5 9 10 *11)
[    0.427798] pci 0000:00:02.0: vgaarb: setting as boot VGA device
[    0.427798] pci 0000:00:02.0: vgaarb: VGA device added: decodes=io+mem,owns=io+mem,locks=none
[    0.427798] pci 0000:00:02.0: vgaarb: bridge control possible
[    0.427798] vgaarb: loaded
[    0.427906] SCSI subsystem initialized
[    0.428230] libata version 3.00 loaded.
[    0.428230] ACPI: bus type USB registered
[    0.428230] usbcore: registered new interface driver usbfs
[    0.430101] usbcore: registered new interface driver hub
[    0.430475] usbcore: registered new device driver usb
[    0.430869] EDAC MC: Ver: 3.0.0
[    0.430869] PCI: Using ACPI for IRQ routing
[    0.430869] PCI: pci_cache_line_size set to 64 bytes
[    0.430869] e820: reserve RAM buffer [mem 0x0009fc00-0x0009ffff]
[    0.430869] e820: reserve RAM buffer [mem 0xdfff0000-0xdfffffff]
[    0.430869] NetLabel: Initializing
[    0.431038] NetLabel:  domain hash size = 128
[    0.431363] NetLabel:  protocols = UNLABELED CIPSOv4 CALIPSO
[    0.431785] NetLabel:  unlabeled traffic allowed by default
[    0.434748] clocksource: Switched to clocksource kvm-clock
[    0.445857] VFS: Disk quotas dquot_6.6.0
[    0.446235] VFS: Dquot-cache hash table entries: 512 (order 0, 4096 bytes)
[    0.446714] pnp: PnP ACPI init
[    0.447052] pnp 00:00: Plug and Play ACPI device, IDs PNP0303 (active)
[    0.447125] pnp 00:01: Plug and Play ACPI device, IDs PNP0f03 (active)
[    0.448035] pnp: PnP ACPI: found 2 devices
[    0.458874] clocksource: acpi_pm: mask: 0xffffff max_cycles: 0xffffff, max_idle_ns: 2085701024 ns
[    0.459515] pci_bus 0000:00: resource 4 [io  0x0000-0x0cf7 window]
[    0.459516] pci_bus 0000:00: resource 5 [io  0x0d00-0xffff window]
[    0.459518] pci_bus 0000:00: resource 6 [mem 0x000a0000-0x000bffff window]
[    0.459519] pci_bus 0000:00: resource 7 [mem 0xe0000000-0xfdffffff window]
[    0.459586] NET: Registered protocol family 2
[    0.460030] tcp_listen_portaddr_hash hash table entries: 2048 (order: 3, 32768 bytes)
[    0.461164] TCP established hash table entries: 32768 (order: 6, 262144 bytes)
[    0.461773] TCP bind hash table entries: 32768 (order: 7, 524288 bytes)
[    0.462282] TCP: Hash tables configured (established 32768 bind 32768)
[    0.462723] UDP hash table entries: 2048 (order: 4, 65536 bytes)
[    0.463139] UDP-Lite hash table entries: 2048 (order: 4, 65536 bytes)
[    0.463589] NET: Registered protocol family 1
[    0.463937] pci 0000:00:00.0: Limiting direct PCI/PCI transfers
[    0.464340] pci 0000:00:01.0: Activating ISA DMA hang workarounds
[    0.464794] pci 0000:00:02.0: Video device with shadowed ROM at [mem 0x000c0000-0x000dffff]
[    0.466925] PCI: CLS 0 bytes, default 64
[    0.466957] Unpacking initramfs...
[    1.182209] Freeing initrd memory: 61904K
[    1.182624] PCI-DMA: Using software bounce buffering for IO (SWIOTLB)
[    1.183032] software IO TLB: mapped [mem 0xdbff0000-0xdfff0000] (64MB)
[    1.183499] clocksource: tsc: mask: 0xffffffffffffffff max_cycles: 0x2717880cafa, max_idle_ns: 440795252614 ns
[    1.184177] platform rtc_cmos: registered platform RTC device (no PNP device found)
[    1.184751] check: Scanning for low memory corruption every 60 seconds
[    1.187174] Initialise system trusted keyrings
[    1.187542] Key type blacklist registered
[    1.187955] workingset: timestamp_bits=36 max_order=20 bucket_order=0
[    1.189792] zbud: loaded
[    1.190722] squashfs: version 4.0 (2009/01/31) Phillip Lougher
[    1.191539] fuse init (API version 7.28)
[    1.228391] Key type asymmetric registered
[    1.228715] Asymmetric key parser 'x509' registered
[    1.229070] Block layer SCSI generic (bsg) driver version 0.4 loaded (major 246)
[    1.229973] intel_idle: Please enable MWAIT in BIOS SETUP
[    1.230083] ACPI: AC Adapter [AC] (on-line)
[    1.230495] input: Power Button as /devices/LNXSYSTM:00/LNXPWRBN:00/input/input0
[    1.231047] ACPI: Power Button [PWRF]
[    1.231408] input: Sleep Button as /devices/LNXSYSTM:00/LNXSLPBN:00/input/input1
[    1.231956] ACPI: Sleep Button [SLPF]
[    1.233553] battery: ACPI: Battery Slot [BAT0] (battery present)
[    1.234036] Serial: 8250/16550 driver, 32 ports, IRQ sharing enabled
[    1.238492] Linux agpgart interface v0.103
[    1.240688] loop: module loaded
[    1.241073] ata_piix 0000:00:01.1: version 2.13
[    1.241530] scsi host0: ata_piix
[    1.242055] scsi host1: ata_piix
[    1.242361] ata1: PATA max UDMA/33 cmd 0x1f0 ctl 0x3f6 bmdma 0xd000 irq 14
[    1.242822] ata2: PATA max UDMA/33 cmd 0x170 ctl 0x376 bmdma 0xd008 irq 15
[    1.243336] libphy: Fixed MDIO Bus: probed
[    1.243664] tun: Universal TUN/TAP device driver, 1.6
[    1.244322] PPP generic driver version 2.4.2
[    1.244977] ehci_hcd: USB 2.0 'Enhanced' Host Controller (EHCI) Driver
[    1.245397] ehci-pci: EHCI PCI platform driver
[    1.245769] ehci-platform: EHCI generic platform driver
[    1.246133] ohci_hcd: USB 1.1 'Open' Host Controller (OHCI) Driver
[    1.246890] ohci-pci: OHCI PCI platform driver
[    1.248169] ohci-pci 0000:00:06.0: OHCI PCI host controller
[    1.248551] ohci-pci 0000:00:06.0: new USB bus registered, assigned bus number 1
[    1.249170] ohci-pci 0000:00:06.0: irq 22, io mem 0xf1804000
[    1.306797] usb usb1: New USB device found, idVendor=1d6b, idProduct=0001, bcdDevice= 5.00
[    1.307534] usb usb1: New USB device strings: Mfr=3, Product=2, SerialNumber=1
[    1.308195] usb usb1: Product: OHCI PCI host controller
[    1.309084] usb usb1: Manufacturer: Linux 5.0.5.1915940+ ohci_hcd
[    1.309685] usb usb1: SerialNumber: 0000:00:06.0
[    1.310436] hub 1-0:1.0: USB hub found
[    1.310828] hub 1-0:1.0: 12 ports detected
[    1.311703] ohci-platform: OHCI generic platform driver
[    1.312158] uhci_hcd: USB Universal Host Controller Interface driver
[    1.312736] i8042: PNP: PS/2 Controller [PNP0303:PS2K,PNP0f03:PS2M] at 0x60,0x64 irq 1,12
[    1.314231] serio: i8042 KBD port at 0x60,0x64 irq 1
[    1.314697] serio: i8042 AUX port at 0x60,0x64 irq 12
[    1.315521] mousedev: PS/2 mouse device common for all mice
[    1.316580] input: AT Translated Set 2 keyboard as /devices/platform/i8042/serio0/input/input2
[    1.318174] rtc_cmos rtc_cmos: registered as rtc0
[    1.318619] rtc_cmos rtc_cmos: alarms up to one day, 114 bytes nvram
[    1.319169] i2c /dev entries driver
[    1.319620] device-mapper: uevent: version 1.0.3
[    1.320273] device-mapper: ioctl: 4.39.0-ioctl (2018-04-03) initialised: dm-devel@redhat.com
[    1.321154] ledtrig-cpu: registered to indicate activity on CPUs
[    1.322210] NET: Registered protocol family 10
[    1.328464] Segment Routing with IPv6
[    1.329181] NET: Registered protocol family 17
[    1.329727] Key type dns_resolver registered
[    1.330437] RAS: Correctable Errors collector initialized.
[    1.330860] sched_clock: Marking stable (1276340486, 54053692)->(1439984713, -109590535)
[    1.332174] registered taskstats version 1
[    1.332519] Loading compiled-in X.509 certificates
[    1.334627] Loaded X.509 cert 'Build time autogenerated kernel key: d2e19955439bab2652607966086ab59b1391aeb4'
[    1.335315] zswap: loaded using pool lzo/zbud
[    1.341714] Key type big_key registered
[    1.341927] Key type trusted registered
[    1.344771] Key type encrypted registered
[    1.344989] ima: No TPM chip found, activating TPM-bypass!
[    1.345235] ima: Allocated hash algorithm: sha1
[    1.345457] No architecture policies found
[    1.345665] evm: Initialising EVM extended attributes:
[    1.345895] evm: security.selinux
[    1.346076] evm: security.SMACK64
[    1.346257] evm: security.SMACK64EXEC
[    1.346500] evm: security.SMACK64TRANSMUTE
[    1.346815] evm: security.SMACK64MMAP
[    1.347109] evm: security.apparmor
[    1.347393] evm: security.ima
[    1.347658] evm: security.capability
[    1.347948] evm: HMAC attrs: 0x1
[    1.348471]   Magic number: 5:307:727
[    1.348778] block loop7: hash matches
[    1.349195] rtc_cmos rtc_cmos: setting system clock to 2021-05-09T09:43:40 UTC (1620553420)
[    1.402675] ata2.00: ATAPI: VBOX CD-ROM, 1.0, max UDMA/133
[    1.404396] scsi 1:0:0:0: CD-ROM            VBOX     CD-ROM           1.0  PQ: 0 ANSI: 5
[    1.430990] sr 1:0:0:0: [sr0] scsi3-mmc drive: 32x/32x xa/form2 tray
[    1.431504] cdrom: Uniform CD-ROM driver Revision: 3.20
[    1.432279] sr 1:0:0:0: Attached scsi CD-ROM sr0
[    1.432345] sr 1:0:0:0: Attached scsi generic sg0 type 5
[    1.435167] Freeing unused decrypted memory: 2040K
[    1.436178] Freeing unused kernel image memory: 2432K
[    1.447121] Write protecting the kernel read-only data: 18432k
[    1.448395] Freeing unused kernel image memory: 2016K
[    1.449013] Freeing unused kernel image memory: 4K
[    1.462357] x86/mm: Checked W+X mappings: passed, no W+X pages found.
[    1.462888] x86/mm: Checking user space page tables
[    1.475542] x86/mm: Checked W+X mappings: passed, no W+X pages found.
[    1.476000] Run /init as init process
[    1.580965] piix4_smbus 0000:00:07.0: SMBus Host Controller at 0x4100, revision 0
[    1.589460] ahci 0000:00:0d.0: version 3.0
[    1.601416] ahci 0000:00:0d.0: SSS flag set, parallel bus scan disabled
[    1.602002] ahci 0000:00:0d.0: AHCI 0001.0100 32 slots 1 ports 3 Gbps 0x1 impl SATA mode
[    1.602631] ahci 0000:00:0d.0: flags: 64bit ncq stag only ccc 
[    1.605237] cryptd: max_cpu_qlen set to 1000
[    1.609915] e1000: Intel(R) PRO/1000 Network Driver - version 7.3.21-k8-NAPI
[    1.610398] e1000: Copyright (c) 1999-2006 Intel Corporation.
[    1.670543] scsi host2: ahci
[    1.670946] ata3: SATA max UDMA/133 abar m8192@0xf1806000 port 0xf1806100 irq 21
[    1.687734] AVX2 version of gcm_enc/dec engaged.
[    1.688776] AES CTR mode by8 optimization enabled
[    1.801547] [drm] DMA map mode: Using physical TTM page addresses.
[    1.802027] [drm] Capabilities:
[    1.802341] [drm]   Cursor.
[    1.802643] [drm]   Cursor bypass 2.
[    1.802953] [drm]   Alpha cursor.
[    1.803248] [drm]   3D.
[    1.803508] [drm]   Extended Fifo.
[    1.803818] [drm]   Pitchlock.
[    1.804108] [drm]   Irq mask.
[    1.804405] [drm]   GMR.
[    1.804674] [drm]   Traces.
[    1.804952] [drm]   GMR2.
[    1.805229] [drm]   Screen Object 2.
[    1.805548] [drm] Max GMR ids is 8192
[    1.805864] [drm] Max number of GMR pages is 1048576
[    1.806242] [drm] Max dedicated hypervisor surface memory is 507904 kiB
[    1.806694] [drm] Maximum display memory size is 16384 kiB
[    1.807087] [drm] VRAM at 0xf0000000 size is 16384 kiB
[    1.807473] [drm] MMIO at 0xf1000000 size is 2048 kiB
[    1.808114] [TTM] Zone  kernel: Available graphics memory: 2019644 kiB
[    1.808588] [TTM] Initializing pool allocator
[    1.808946] [TTM] Initializing DMA pool allocator
[    1.809333] [drm] Supports vblank timestamp caching Rev 2 (21.10.2013).
[    1.809802] [drm] No driver support for vblank timestamp query.
[    1.811215] [drm] Screen Objects Display Unit initialized
[    1.811680] [drm] width 720
[    1.811976] [drm] height 400
[    1.812264] [drm] bpp 32
[    1.812831] [drm] Fifo max 0x00200000 min 0x00001000 cap 0x00000355
[    1.814759] [drm] DX: no.
[    1.816111] [drm] Atomic: yes.
[    1.817553] [drm] SM4_1: no.
[    1.819044] [drm:vmw_host_log [vmwgfx]] *ERROR* Failed to send host log message.
[    1.822078] [drm:vmw_host_log [vmwgfx]] *ERROR* Failed to send host log message.
[    1.827264] fbcon: svgadrmfb (fb0) is primary device
[    1.827533] input: ImExPS/2 Generic Explorer Mouse as /devices/platform/i8042/serio1/input/input4
[    1.829808] Console: switching to colour frame buffer device 100x37
[    1.833805] [drm] Initialized vmwgfx 2.15.0 20180704 for 0000:00:02.0 on minor 0
[    1.994439] ata3: SATA link up 3.0 Gbps (SStatus 123 SControl 300)
[    1.994713] ata3.00: ATA-6: VBOX HARDDISK, 1.0, max UDMA/133
[    1.994730] ata3.00: 83886080 sectors, multi 128: LBA48 NCQ (depth 32)
[    1.994876] ata3.00: configured for UDMA/133
[    1.995003] scsi 2:0:0:0: Direct-Access     ATA      VBOX HARDDISK    1.0  PQ: 0 ANSI: 5
[    1.995357] sd 2:0:0:0: [sda] 83886080 512-byte logical blocks: (42.9 GB/40.0 GiB)
[    1.995382] sd 2:0:0:0: [sda] Write Protect is off
[    1.995396] sd 2:0:0:0: [sda] Mode Sense: 00 3a 00 00
[    1.995405] sd 2:0:0:0: [sda] Write cache: enabled, read cache: enabled, doesn't support DPO or FUA
[    1.995852] sd 2:0:0:0: [sda] Optimal transfer size 0 bytes < PAGE_SIZE (4096 bytes)
[    1.996393] sd 2:0:0:0: Attached scsi generic sg1 type 0
[    2.001614]  sda: sda1 sda2 sda3
[    2.002961] sd 2:0:0:0: [sda] Attached SCSI disk
[    2.010966] random: fast init done
[    2.030356] random: lvm: uninitialized urandom read (4 bytes read)
[    2.048899] random: lvm: uninitialized urandom read (2 bytes read)
[    2.093231] e1000 0000:00:03.0 eth0: (PCI:33MHz:32-bit) 08:00:27:b6:00:1c
[    2.093681] e1000 0000:00:03.0 eth0: Intel(R) PRO/1000 Network Connection
[    2.095101] e1000 0000:00:03.0 enp0s3: renamed from eth0
[    2.292610] raid6: using algorithm avx2x4 gen() 0 MB/s
[    2.293149] raid6: .... xor() 0 MB/s, rmw enabled
[    2.293595] raid6: using avx2x2 recovery algorithm
[    2.296215] xor: automatically using best checksumming function   avx       
[    2.301412] async_tx: api initialized (async)
[    2.349273] random: lvm: uninitialized urandom read (4 bytes read)
[    2.495430] Btrfs loaded, crc32c=crc32c-intel
[    2.653730] EXT4-fs (dm-0): mounted filesystem with ordered data mode. Opts: (null)
[    2.852068] systemd[1]: Failed to insert module 'autofs4': No such file or directory
[    2.875479] systemd[1]: systemd 237 running in system mode. (+PAM +AUDIT +SELINUX +IMA +APPARMOR +SMACK +SYSVINIT +UTMP +LIBCRYPTSETUP +GCRYPT +GNUTLS +ACL +XZ +LZ4 +SECCOMP +BLKID +ELFUTILS +KMOD -IDN2 +IDN -PCRE2 default-hierarchy=hybrid)
[    2.876985] systemd[1]: Detected virtualization oracle.
[    2.877490] systemd[1]: Detected architecture x86-64.
[    2.887502] systemd[1]: Set hostname to <vinh>.
[    3.205447] random: systemd: uninitialized urandom read (16 bytes read)
[    3.207611] systemd[1]: Created slice System Slice.
[    3.209318] random: systemd: uninitialized urandom read (16 bytes read)
[    3.209857] systemd[1]: Listening on Journal Socket (/dev/log).
[    3.210925] random: systemd: uninitialized urandom read (16 bytes read)
[    3.211483] systemd[1]: Listening on Syslog Socket.
[    3.212542] systemd[1]: Listening on udev Kernel Socket.
[    3.213599] systemd[1]: Listening on Device-mapper event daemon FIFOs.
[    3.214687] systemd[1]: Reached target User and Group Name Lookups.
[    3.233141] EXT4-fs (dm-0): re-mounted. Opts: (null)
[    3.253575] Loading iSCSI transport class v2.0-870.
[    3.311996] iscsi: registered transport (tcp)
[    3.409827] systemd-journald[455]: Received request to flush runtime journal from PID 1
[    3.523406] iscsi: registered transport (iser)
[    3.603026] Adding 4038652k swap on /swap.img.  Priority:-2 extents:5 across:4497404k FS
[    3.712010] ACPI: Video Device [GFX0] (multi-head: yes  rom: no  post: no)
[    3.712078] input: Video Bus as /devices/LNXSYSTM:00/LNXSYBUS:00/PNP0A03:00/LNXVIDEO:00/input/input5
[    3.793059] RAPL PMU: API unit is 2^-32 Joules, 5 fixed counters, 10737418240 ms ovfl timer
[    3.793061] RAPL PMU: hw unit of domain pp0-core 2^-0 Joules
[    3.793062] RAPL PMU: hw unit of domain package 2^-0 Joules
[    3.793062] RAPL PMU: hw unit of domain dram 2^-0 Joules
[    3.793063] RAPL PMU: hw unit of domain pp1-gpu 2^-0 Joules
[    3.793064] RAPL PMU: hw unit of domain psys 2^-0 Joules
[    4.026438] EXT4-fs (sda2): mounted filesystem with ordered data mode. Opts: (null)
[    4.875707] snd_intel8x0 0000:00:05.0: white list rate for 1028:0177 is 48000
[    4.933685] random: crng init done
[    4.933686] random: 4 urandom warning(s) missed due to ratelimiting
[    5.886809] e1000: enp0s3 NIC Link is Up 1000 Mbps Full Duplex, Flow Control: RX
[    5.887190] IPv6: ADDRCONF(NETDEV_CHANGE): enp0s3: link becomes ready
[    8.409875] new mount options do not match the existing superblock, will be ignored
[  491.022678] test: loading out-of-tree module taints kernel.
[  491.022709] test: module verification failed: signature and/or required key missing - tainting kernel
[  491.022951] LOADING MODULE
[  491.022952] PID not found !!
[  497.864428] REMOVING MODULE
